<html>
<body>
<pre>
<h1>µVision Build Log</h1>
<h2>Project:</h2>
C:\Users\kinan\Documents\7.0 Courses 2016 Fall\EE 445L\Lab2\ADCSWTrigger_4C123\ADCSWTrigger.uvproj
Project File Date:  09/07/2016

<h2>Output:</h2>
Rebuild target 'ADCSWTrigger'
assembling startup.s...
compiling ADCSWTrigger.c...
compiling ADCTestMain.c...
compiling PLL.c...
linking...
Program Size: Code=1836 RO-data=32 RW-data=16 ZI-data=25504  
".\ADCSWTrigger.axf" - 0 Error(s), 0 Warning(s).
s here after previous syntax error
ADCTestMain.c(124): error: At end of source:  #67: expected a "}"
ADCTestMain.c: 1 warning, 2 errors
compiling PLL.c...
".\ADCSWTrigger.axf" - 2 Error(s), 1 Warning(s).
Target not created
